// Jest Snapshot v1, https://goo.gl/fbAQLP

exports[`HomeCardHorizontal matches snapshot 1`] = `
<div>
  <div
    class="flex flex-row bg-white border border-gray-200 rounded-lg overflow-hidden shadow-sm md:flex-row w-full hover:bg-gray-100 dark:border-gray-700 dark:bg-gray-800 dark:hover:bg-gray-700 h-auto"
  >
    <img
      alt=""
      class="object-cover max-w-20 h-auto md:h-auto md:max-w-24 md:rounded-none md:rounded-s-lg"
      data-nimg="1"
      decoding="async"
      height="500"
      loading="lazy"
      src="/_next/image?url=%2Ftest-horizontal-image.jpg&w=1080&q=75"
      srcset="/_next/image?url=%2Ftest-horizontal-image.jpg&w=640&q=75 1x, /_next/image?url=%2Ftest-horizontal-image.jpg&w=1080&q=75 2x"
      style="color: transparent;"
      width="500"
    />
    <div
      class="flex flex-col  p-4 leading-normal"
    >
      <div
        class="text-lg font-medium tracking-tight text-gray-900 dark:text-white capitalize"
      >
        Horizontal Test Title
      </div>
      <div
        class="text-md text-gray-700 dark:text-gray-400 pt-1 capitalize"
      >
        Horizontal Test Description
      </div>
      <div
        class="text-sm text-gray-700 dark:text-gray-400 pt-4"
      >
        2023-01-01
      </div>
    </div>
  </div>
</div>
`;
